540
852
central america
1889
adolph rickenbacker
china
1987
meg ryan
sirius
kilimanjaro
christa mcauliffe
mississippi
alan shepard
1972
aung san suu kyi
redmond
264
robert morris
los angeles
luna
filipino
rome
neptune
70
keystone
redwood
thailand
olmstead
400
frances folsom
valley quail
berlin
2130
michael
12
poseidon
1964
alamo
sacramento
dinosaurs
20
egypt
aleksei leonov
1941
nixon
vincent furnier
7
james naismith
1596
nile