NUMBER
NUMBER
LOCATION
DATE
PERSON
LOCATION
DATE
PERSON
OTHER
OTHER
PERSON
LOCATION
PERSON
DATE
PERSON
LOCATION
NUMBER
PERSON
LOCATION
OTHER
OTHER
LOCATION
LOCATION
NUMBER
OTHER
OTHER
LOCATION
PERSON
NUMBER
PERSON
OTHER
LOCATION
NUMBER
PERSON
NUMBER
OTHER
DATE
OTHER
LOCATION
OTHER
NUMBER
LOCATION
PERSON
DATE
PERSON
PERSON
NUMBER
PERSON
DATE
LOCATION
