there are 540 calories in a big mac
there are 29 calories in a big mac
there are 1 calories in a big mac
there are 10 calories in a big mac
there are 2 calories in a big mac
852 people died when the estonia sank in 1994
28 people died when the estonia sank in 1994
850 people died when the estonia sank in 1994
150 people died when the estonia sank in 1994
900 people died when the estonia sank in 1994
belize located in central america
belize located in guatemala
belize located in mexico
belize located in north
belize located in caribbean sea
montana become a state in 1889
les paul invented the electric guitar
gibson les invented the electric guitar
leo invented the electric guitar
lloyd invented the electric guitar
adolph rickenbacker invented the electric guitar
the biggest producer of tungsten is china
the biggest producer of tungsten is north
the biggest producer of tungsten is russia
the biggest producer of tungsten is portugal
the biggest producer of tungsten is australia
london's docklands light railway was constructed in 2009
london's docklands light railway was constructed in 1987
hanks meg is lead actress in the movie sleepless in seattle
meg ryan is lead actress in the movie sleepless in seattle
tom hanks is lead actress in the movie sleepless in seattle
nora is lead actress in the movie sleepless in seattle
sam is lead actress in the movie sleepless in seattle
the brightest star visible from earth is sirius
the brightest star visible from earth is sky
the brightest star visible from earth is light
the brightest star visible from earth is deneb
the brightest star visible from earth is night
mount kilimanjaro is the highest mountain in africa
mount peak is the highest mountain in africa
mount climbing is the highest mountain in africa
mount second is the highest mountain in africa
mount climb is the highest mountain in africa
ronald reagan is first private citizen to fly in space
christa mcauliffe is first private citizen to fly in space
dennis is first private citizen to fly in space
august is first private citizen to fly in space
richard is first private citizen to fly in space
mississippi river is the longest river in the united states
missouri river is the longest river in the united states
nile river is the longest river in the united states
arkansas river is the longest river in the united states
minnesota river is the longest river in the united states
alan shepard is the first american in space
sally is the first american in space
sally kristen is the first american in space
august is the first american in space
yuri is the first american in space
nixon visited china in 1972
nixon visited china in 1971
nixon visited china in 1987
liu won the nobel peace prize in 1991
san suu won the nobel peace prize in 1991
suu kyi won the nobel peace prize in 1991
kyi burma won the nobel peace prize in 1991
aung san won the nobel peace prize in 1991
microsoft's corporate headquarters locates in new jersey
microsoft's corporate headquarters locates in new zealand
microsoft's corporate headquarters locates in seattle
microsoft's corporate headquarters locates in redmond
microsoft's corporate headquarters locates in virginia
264 people died in the china airlines' crash in nagoya japan
140 people died in the china airlines' crash in nagoya japan
26 people died in the china airlines' crash in nagoya japan
232 people died in the china airlines' crash in nagoya japan
5 people died in the china airlines' crash in nagoya japan
morris released the internet worm in the late 1980s
roberts released the internet worm in the late 1980s
page released the internet worm in the late 1980s
pandora released the internet worm in the late 1980s
the largest city of california is los angeles
the largest city of california is san jose
the largest city of california is united states
the largest city of california is sacramento
the largest city of california is valley
apollo is the first spacecraft on the moon
land is the first spacecraft on the moon
landing is the first spacecraft on the moon
nasa is the first spacecraft on the moon
luna is the first spacecraft on the moon
english is the primary language of the philippines
filipino is the primary language of the philippines
spanish is the primary language of the philippines
education is the primary language of the philippines
history is the primary language of the philippines
the biggest city of italy is rome
the biggest city of italy is milan
the biggest city of italy is naples
the biggest city of italy is florence
the biggest city of italy is genoa
neptune is farthest planet from the sun
pluto is farthest planet from the sun
system is farthest planet from the sun
its is farthest planet from the sun
orbit is farthest planet from the sun
the life expectancy of an elephant is 60 years
the life expectancy of an elephant is 70 years
the life expectancy of an elephant is 14 years
the life expectancy of an elephant is 30 years
the life expectancy of an elephant is 80 years
nickname of pennsylvania is keystone state
nickname of pennsylvania is answer state
nickname of pennsylvania is facts state
nickname of pennsylvania is motto state
nickname of pennsylvania is states state
redwood is california's state tree
sequoia is california's state tree
official is california's state tree
park is california's state tree
capitol is california's state tree
the bridge over the river kwai is in thailand
the bridge over the river kwai is in bangkok
the bridge over the river kwai is in sri lanka
the bridge over the river kwai is in burma
the bridge over the river kwai is in india
frederick is the architect of central park
olmsted is the architect of central park
emery is the architect of central park
art is the architect of central park
sydney is the architect of central park
an expectant mother should get 400 mcg folic acid daily
an expectant mother should get 800 mcg folic acid daily
an expectant mother should get 4 mcg folic acid daily
an expectant mother should get 500 mcg folic acid daily
an expectant mother should get 04 mcg folic acid daily
frances folsom is president grover cleveland's wife
frances is president grover cleveland's wife
young frances is president grover cleveland's wife
lady frances is president grover cleveland's wife
frances clara is president grover cleveland's wife
quail is california's state bird
lists is california's state bird
list is california's state bird
flower is california's state bird
online is california's state bird
berlin is the largest city in germany
hamburg is the largest city in germany
munich is the largest city in germany
port is the largest city in germany
stuttgart is the largest city in germany
lou gehrig play 2130 consecutive baseball games
lou gehrig play 2632 consecutive baseball games
lou gehrig play 2 consecutive baseball games
lou gehrig play 2130th consecutive baseball games
lou gehrig play 15 consecutive baseball games
michael is the fastest swimmer in the world
alexander is the fastest swimmer in the world
sullivan is the fastest swimmer in the world
long is the fastest swimmer in the world
ernest is the fastest swimmer in the world
12 astronauts have been on the moon
2 astronauts have been on the moon
20 astronauts have been on the moon
17 astronauts have been on the moon
1 astronauts have been on the moon
poseidon is the greek god of the sea
mythology is the greek god of the sea
ancient is the greek god of the sea
facts is the greek god of the sea
neptune is the greek god of the sea
china's first nuclear test in 1964
china's first nuclear test in 1550
china's first nuclear test in 1980
china's first nuclear test in 1996
china's first nuclear test in 1960s
alamo is the famous battle in 1836 between texas and mexico
independence is the famous battle in 1836 between texas and mexico
march is the famous battle in 1836 between texas and mexico
war is the famous battle in 1836 between texas and mexico
history is the famous battle in 1836 between texas and mexico
the capital of california is san francisco
the capital of california is sacramento
the capital of california is los angeles
birds are descendents of dinosaurs
birds are descendents of dinosaur
birds are descendents of modern
birds are descendents of answers
birds are descendents of evidence
20 hexagons are on a soccer ball
12 hexagons are on a soccer ball
32 hexagons are on a soccer ball
60 hexagons are on a soccer ball
8 hexagons are on a soccer ball
the valley of the kings is egypt
the valley of the kings is west bank
the valley of the kings is nile
the valley of the kings is prussia
the valley of the kings is africa
yuri gagarin is the first russian astronaut to do a spacewalk
aleksei leonov is the first russian astronaut to do a spacewalk
ed white is the first russian astronaut to do a spacewalk
alan shepard is the first russian astronaut to do a spacewalk
joe dimaggio compile his 56-game hitting streak in 1941
joe dimaggio compile his 56-game hitting streak in 2009
joe dimaggio compile his 56-game hitting streak in 1933
joe dimaggio compile his 56-game hitting streak in 1914
joe dimaggio compile his 56-game hitting streak in 1939
the first u.s. president richard ever to resign
the first u.s. president john ever to resign
the first u.s. president calhoun ever to resign
the first u.s. president gerald ever to resign
the first u.s. president barack obama ever to resign
alice cooper's real name is vincent furnier
alice cooper's real name is vincent
alice cooper's real name is vincent damon
alice cooper's real name is star vincent
alice cooper's real name is damon furnier
there are 7 continents
there are 5 continents
there are 6 continents
there are 2 continents
there are 3 continents
naismith invented basketball
james naismith invented basketball
naismith james invented basketball
long invented basketball
winter invented basketball
flush toilet was invented in 1596
flush toilet was invented in 1738
flush toilet was invented in 1775
flush toilet was invented in 1980
flush toilet was invented in 1800s
nile is the longest river in the world
amazon is the longest river in the world
africa is the longest river in the world
mississippi is the longest river in the world
south is the longest river in the world
