1989
lou vasquez
spade-shaped
60
denmark
substantia nigra
may 18
burgh island
1215
william
3.5
270
5.4
brazil
gilbert
3.75
angel
2167
little
4 minutes, 43 seconds
washington
92
kampala
madison
lansing
south america
illinois
monsanto
neil
1990
1994
1994
saparmurad niyazov
tchaikovsky
2015
zebra mussel
john f. welch jr.
1000
