1:NUMBER
2:NUMBER
3:NORMAL_STRING
4:YEAR
5:NORMAL_STRING
6:SUPERLATIVE_STRING
7:YEAR
8:NORMAL_STRING
9:SUPERLATIVE_STRING
10:SUPERLATIVE_STRING
11:NORMAL_STRING
12:SUPERLATIVE_STRING
13:NORMAL_STRING
14:YEAR
15:NORMAL_STRING
16:NORMAL_STRING
17:NUMBER
18:NORMAL_STRING
19:SUPERLATIVE_STRING
20:NORMAL_STRING
21:NORMAL_STRING
22:SUPERLATIVE_STRING
23:SUPERLATIVE_STRING
24:NUMBER
25:NORMAL_STRING
26:NORMAL_STRING
27:NORMAL_STRING
28:NORMAL_STRING
29:NUMBER
30:NORMAL_STRING
31:NORMAL_STRING
32:SUPERLATIVE_STRING
33:NORMAL_STRING
34:SUPERLATIVE_STRING
35:NUMBER
36:NORMAL_STRING
37:YEAR
38:NORMAL_STRING
39:NORMAL_STRING
40:NORMAL_STRING
41:NUMBER
42:NORMAL_STRING
43:NORMAL_STRING
44:YEAR
45:NORMAL_STRING
46:NORMAL_STRING
47:NUMBER
48:NORMAL_STRING
49:YEAR
50:SUPERLATIVE_STRING
